// Jest Snapshot v1, https://goo.gl/fbAQLP

exports[`App render suit App render apartment list 1`] = `
Array [
  <p>
    Предложения аренды:
  </p>,
  <div>
    <img
      height="40"
      src="img/no-places.png"
      width="50"
    />
    <a
      className="apartment__title"
      href="#"
      onClick={[Function]}
    >
      apart1
    </a>
  </div>,
  <div>
    <img
      height="40"
      src="img/no-places.png"
      width="50"
    />
    <a
      className="apartment__title"
      href="#"
      onClick={[Function]}
    >
      apart2
    </a>
  </div>,
  <hr />,
  <p>
    Всего предложений: 
    2
  </p>,
]
`;

exports[`App render suit App render empty apartment list 1`] = `
Array [
  <p>
    Предложения аренды:
  </p>,
  <hr />,
  <p>
    Всего предложений: 
    0
  </p>,
]
`;
