// Jest Snapshot v1, https://goo.gl/fbAQLP

exports[`<ReviewItem /> render suit <ReviewItem /> render single review 1`] = `
<li
  className="reviews__item"
>
  <div
    className="reviews__user user"
  >
    <div
      className="reviews__avatar-wrapper user__avatar-wrapper"
    >
      <img
        alt="Reviews avatar"
        className="reviews__avatar user__avatar"
        height="54"
        src="img.jpg"
        width="54"
      />
    </div>
    <span
      className="reviews__user-name"
    >
      Max
    </span>
  </div>
  <div
    className="reviews__info"
  >
    <div
      className="reviews__rating rating"
    >
      <div
        className="reviews__stars rating__stars"
      >
        <span
          style={
            Object {
              "width": "80%",
            }
          }
        />
        <span
          className="visually-hidden"
        >
          Rating
        </span>
      </div>
    </div>
    <p
      className="reviews__text"
    >
      nice
    </p>
    <time
      className="reviews__time"
      dateTime="2011-02-15"
    >
      February
       
      2011
    </time>
  </div>
</li>
`;
